// Jest Snapshot v1, https://goo.gl/fbAQLP

exports[`About me renders About me page unchanged 1`] = `
<div>
  <div
    class="main"
  >
    <div
      class="main-text"
    >
      <p>
        Currently I am based in 
        <strong>
          Poland
        </strong>
         and I
        <strong>
           DO NOT 
        </strong>
        require a visa sponsorship
      </p>
    </div>
    <div
      class="lists"
    >
      <ul>
        <strong>
          Frontend stack:
        </strong>
        <li>
          SASS
        </li>
        <li>
          React NextJs Framework
        </li>
        <li>
          Automation Unit test Jest
        </li>
        <li>
          Automation integration test Playwright
        </li>
      </ul>
      <ul>
        <strong>
          Backend stack:
        </strong>
        <li>
          Node.js(express)
        </li>
        <li>
          NoSql and Sql database
        </li>
        <li>
          Automation Unit test Jest
        </li>
      </ul>
      <ul>
        <strong>
          DevOps:
        </strong>
        <li>
          CI/CD(github)
        </li>
        <li>
          Docker
        </li>
      </ul>
    </div>
  </div>
</div>
`;
